4597
4603
4816
4856
4866
